C51 COMPILER V9.01   MAIN                                                                  01/01/2017 23:38:24 PAGE 1   


C51 COMPILER V9.01, COMPILATION OF MODULE MAIN
OBJECT MODULE PLACED IN main.OBJ
COMPILER INVOKED BY: C:\Keil\C51\BIN\C51.EXE main.c BROWSE DEBUG OBJECTEXTEND TABS(2)

line level    source

   1          /*------------------------------------------------------------------*/
   2          /* --- 51 car by zhangyuhude@163.com -------------------------------*/
   3          /*------------------------------------------------------------------*/
   4          
   5          #include "reg52.h"
   6          #include "moto.h"
   7          #include "is_compatible.h"
   8          #include "delay.h"
   9          #include "buzz.h"
  10          #include "serial.h"
  11          
  12          void main(void)
  13          {
  14   1       serial_init();
  15   1      while(1)
  16   1      {
  17   2      #if 0
                car_go();
                buzz_count_di(5);
                delays(5);
                car_stop();
                delays(5);
                car_back();
                delays(5);
                car_left();
                delays(5);
                car_right();
                delays(5);
              #endif
  30   2        serial_control_car();
  31   2        buzz_count_di(get_serial_number());
  32   2      }
  33   1      }
  34          


MODULE INFORMATION:   STATIC OVERLAYABLE
   CODE SIZE        =     14    ----
   CONSTANT SIZE    =   ----    ----
   XDATA SIZE       =   ----    ----
   PDATA SIZE       =   ----    ----
   DATA SIZE        =   ----    ----
   IDATA SIZE       =   ----    ----
   BIT SIZE         =   ----    ----
END OF MODULE INFORMATION.


C51 COMPILATION COMPLETE.  0 WARNING(S),  0 ERROR(S)
